2025-07-14 06:57:52,753 - AstmServer.py - INFO - Server starting on localhost:15200
2025-07-14 06:57:52,754 - AstmServer.py - INFO - Press Ctrl+C to stop the server
2025-07-14 06:58:38,506 - AstmServer.py - INFO - New client connection from 127.0.0.1:59408
2025-07-14 07:02:09,658 - AstmServer.py - INFO - Server shutting down...
2025-07-14 07:02:09,662 - AstmServer.py - INFO - closing the session from server
2025-07-14 15:18:17,218 - AstmServer.py - INFO - Server starting on localhost:15200
2025-07-14 15:18:17,219 - AstmServer.py - INFO - Press Ctrl+C to stop the server
2025-07-14 15:20:10,454 - AstmServer.py - INFO - New client connection from 127.0.0.1:62743
2025-07-14 15:20:38,367 - ASTMProtocol.py - INFO - The popped data from the inbox is: b'\x05'
2025-07-14 15:20:38,473 - ASTMProtocol.py - INFO - The popped data from the inbox is: b'\x021H|\\^&|||Mindry^^|||||||PR|1394-97|20250701173106\x03AA\r\n'
2025-07-14 15:20:38,579 - ASTMProtocol.py - INFO - The popped data from the inbox is: b'\x022P|1||||^^||^^|U||||||||||||||||||||||||||\x03FB\r\n'
2025-07-14 15:20:38,702 - ASTMProtocol.py - INFO - The popped data from the inbox is: b'\x023O|1|9^^|25142231|MGII^Magnesium^^\\CA^Calcium^^\\SGPT^Alanine Aminotransferase^^\\SGOT^Aspartate Aminotransferase^^\\^AST/ALT^^|R|20250701145310|20250701145245|||||||20250701145245|serum||||||||||F|||||\x030A\r\n'
2025-07-14 15:20:38,823 - ASTMProtocol.py - INFO - The popped data from the inbox is: b'\x024R|1|MGII^Magnesium^^F|2.199529^^^^|mg/dL|2.2^2.2|N||F|2.199529^^^^|0|20250701154348||Mindry^1234567890\x0309\r\n'
2025-07-14 15:20:38,938 - ASTMProtocol.py - INFO - The popped data from the inbox is: b'\x025L|1|N\x03FB\r\n'
2025-07-14 15:20:39,056 - ASTMProtocol.py - INFO - The popped data from the inbox is: b'\x04'
2025-07-14 15:28:58,346 - SocketDispatcher.py - INFO - [127.0.0.1:62743] Connection closed
2025-07-14 16:55:56,252 - AstmServer.py - INFO - Server starting on localhost:15200
2025-07-14 16:55:56,253 - AstmServer.py - INFO - Press Ctrl+C to stop the server
2025-07-15 11:13:53,439 - AstmServer.py - INFO - Server shutting down...
2025-07-15 11:13:53,469 - AstmServer.py - INFO - closing the session from server
2025-07-15 21:22:55,858 - AstmServer.py - INFO - Server starting on localhost:15200
2025-07-15 21:22:55,859 - AstmServer.py - INFO - Press Ctrl+C to stop the server
2025-07-15 21:23:18,338 - AstmServer.py - INFO - New client connection from 127.0.0.1:63290
2025-07-15 21:27:44,721 - AstmServer.py - INFO - New client connection from 127.0.0.1:63314
2025-07-15 21:28:11,492 - AstmServer.py - INFO - Server shutting down...
2025-07-15 21:28:11,493 - AstmServer.py - INFO - closing the session from server
2025-07-15 21:30:41,318 - AstmServer.py - INFO - Server starting on localhost:15200
2025-07-15 21:30:41,318 - AstmServer.py - INFO - Press Ctrl+C to stop the server
2025-07-15 21:30:49,597 - AstmServer.py - INFO - New client connection from 127.0.0.1:63329
2025-07-15 21:31:18,380 - AstmServer.py - INFO - Server shutting down...
2025-07-15 21:31:18,380 - AstmServer.py - INFO - closing the session from server
2025-07-15 21:31:20,404 - AstmServer.py - INFO - Server starting on localhost:15200
2025-07-15 21:31:20,404 - AstmServer.py - INFO - Press Ctrl+C to stop the server
2025-07-15 21:31:26,408 - AstmServer.py - INFO - New client connection from 127.0.0.1:63332
2025-07-15 21:37:46,108 - AstmServer.py - INFO - Server shutting down...
2025-07-15 21:37:46,115 - AstmServer.py - INFO - closing the session from server
2025-07-15 21:37:48,087 - AstmServer.py - INFO - Server starting on localhost:15200
2025-07-15 21:37:48,088 - AstmServer.py - INFO - Press Ctrl+C to stop the server
2025-07-15 21:37:56,360 - AstmServer.py - INFO - New client connection from 127.0.0.1:51304
2025-07-15 21:40:46,874 - AstmServer.py - INFO - Server shutting down...
2025-07-15 21:40:46,875 - AstmServer.py - INFO - closing the session from server
2025-07-15 21:40:51,736 - AstmServer.py - INFO - Server starting on localhost:15200
2025-07-15 21:40:51,737 - AstmServer.py - INFO - Press Ctrl+C to stop the server
2025-07-15 21:41:15,492 - AstmServer.py - INFO - New client connection from 127.0.0.1:51502
2025-07-15 21:45:22,112 - AstmServer.py - INFO - Server shutting down...
2025-07-15 21:45:22,112 - AstmServer.py - INFO - closing the session from server
